[2026-08-19T09:45:49Z] Master CSV created: /tmp/accum_results/master_accumulation.csv
[2026-08-19T09:45:57Z] ═══════════════════════════════════════════════════════════
[2026-08-19T09:45:57Z] ACCUMULATION EXPERIMENT  UE50→60  Wed Aug 19 09:45:57 UTC 2026
[2026-08-19T09:45:57Z] Strategy: each UE stays connected on gnb1, then migrates to gnb2
[2026-08-19T09:45:57Z] Results: /tmp/accum_results
[2026-08-19T09:45:57Z] ═══════════════════════════════════════════════════════════
[2026-08-19T09:46:01Z] Initial state: gnb1=49 gnb2=0 srsenb procs
[2026-08-19T09:46:01Z] ──────────────────────────────────────────────────────────
[2026-08-19T09:46:05Z] ▶ UE50  [09:46:01 UTC]  gnb1=49 gnb2=0
[2026-08-19T09:46:05Z] ──────────────────────────────────────────────────────────
[2026-08-19T09:46:13Z]   Ports gnb1: TX=40500 RX=40501 | gnb2: TX=60500 RX=60501
[2026-08-19T09:46:38Z]   [P1] Starting srsenb slot for UE50 on gnb1...
[2026-08-19T09:47:05Z]   [P1] Starting srsue UE50 → gnb1...
[2026-08-19T09:47:20Z]   ✓ UE50 attached gnb1  IP=10.45.0.71  lat=14.53s
[2026-08-19T09:47:22Z]   Collecting gnb1 snapshot with 50 UE slots...
[2026-08-19T09:47:48Z]   Warm-up 10s before gnb1 iperf/ping...
[2026-08-19T09:48:36Z]   gnb1 snap: RAPL=44.5184W  nof_ues=50  dl=0Mbps
[2026-08-19T09:48:36Z]   [P2] Load-balancing UE50: gnb1 → gnb2...
[2026-08-19T09:48:58Z]   HO kill done in 21653.0ms
[2026-08-19T09:49:19Z]   gnb1 post-LB: RAPL=43.7847W  nof_ues=49
[2026-08-19T09:49:19Z]   Waiting 30s for MME cleanup...
[2026-08-19T09:49:54Z]   ✓ ue50_gnb2.conf written
[2026-08-19T09:50:46Z]   ✓ UE50 attached gnb2  IP=10.45.0.72  HO_total=129593.0ms
[2026-08-19T09:50:46Z]   Collecting post-LB snapshots of gnb1 AND gnb2...
[2026-08-19T09:51:11Z]   Warm-up 15s before gnb2 iperf/ping...
[2026-08-19T09:52:13Z]   gnb2 snap: RAPL=21.6422W  nof_ues=1  dl=0Mbps
[2026-08-19T09:52:13Z]   [Cleanup] Killing UE50 on gnb2...
[2026-08-19T09:52:41Z]   [Cleanup] UE50 gnb2 processes killed, waiting 40s for SCTP+MME cleanup...
[2026-08-19T09:53:22Z]   ✓ UE50 complete. gnb1=49 gnb2=cleaned
[2026-08-19T09:53:22Z] ──────────────────────────────────────────────────────────
[2026-08-19T09:53:26Z] ▶ UE51  [09:53:22 UTC]  gnb1=49 gnb2=0
[2026-08-19T09:53:26Z] ──────────────────────────────────────────────────────────
[2026-08-19T09:53:34Z]   Ports gnb1: TX=40510 RX=40511 | gnb2: TX=50010 RX=50011
[2026-08-19T09:53:59Z]   [P1] Starting srsenb slot for UE51 on gnb1...
[2026-08-19T09:54:26Z]   [P1] Starting srsue UE51 → gnb1...
[2026-08-19T09:54:46Z]   ✓ UE51 attached gnb1  IP=10.45.0.73  lat=19.68s
[2026-08-19T09:54:48Z]   Collecting gnb1 snapshot with 50 UE slots...
[2026-08-19T09:55:14Z]   Warm-up 10s before gnb1 iperf/ping...
[2026-08-19T09:56:01Z]   gnb1 snap: RAPL=43.4869W  nof_ues=50  dl=0Mbps
[2026-08-19T09:56:01Z]   [P2] Load-balancing UE51: gnb1 → gnb2...
[2026-08-19T09:56:22Z]   HO kill done in 21809.0ms
[2026-08-19T09:56:43Z]   gnb1 post-LB: RAPL=43.4368W  nof_ues=49
[2026-08-19T09:56:43Z]   Waiting 30s for MME cleanup...
[2026-08-19T09:57:18Z]   ✓ ue51_gnb2.conf written
[2026-08-19T09:58:14Z]   ✓ UE51 attached gnb2  IP=10.45.0.74  HO_total=133356.0ms
[2026-08-19T09:58:14Z]   Collecting post-LB snapshots of gnb1 AND gnb2...
[2026-08-19T09:58:39Z]   Warm-up 15s before gnb2 iperf/ping...
[2026-08-19T09:59:41Z]   gnb2 snap: RAPL=21.3230W  nof_ues=1  dl=0Mbps
[2026-08-19T09:59:41Z]   [Cleanup] Killing UE51 on gnb2...
[2026-08-19T10:00:10Z]   [Cleanup] UE51 gnb2 processes killed, waiting 40s for SCTP+MME cleanup...
[2026-08-19T10:00:50Z]   ✓ UE51 complete. gnb1=49 gnb2=cleaned
[2026-08-19T10:00:50Z] ──────────────────────────────────────────────────────────
[2026-08-19T10:00:54Z] ▶ UE52  [10:00:50 UTC]  gnb1=49 gnb2=0
[2026-08-19T10:00:54Z] ──────────────────────────────────────────────────────────
[2026-08-19T10:01:02Z]   Ports gnb1: TX=40520 RX=40521 | gnb2: TX=50020 RX=50021
[2026-08-19T10:01:27Z]   [P1] Starting srsenb slot for UE52 on gnb1...
[2026-08-19T10:01:54Z]   [P1] Starting srsue UE52 → gnb1...
[2026-08-19T10:02:14Z]   ✓ UE52 attached gnb1  IP=10.45.0.75  lat=19.75s
[2026-08-19T10:02:16Z]   Collecting gnb1 snapshot with 50 UE slots...
[2026-08-19T10:02:42Z]   Warm-up 10s before gnb1 iperf/ping...
[2026-08-19T10:03:28Z]   gnb1 snap: RAPL=45.3774W  nof_ues=50  dl=0Mbps
[2026-08-19T10:03:28Z]   [P2] Load-balancing UE52: gnb1 → gnb2...
[2026-08-19T10:03:50Z]   HO kill done in 21442.0ms
[2026-08-19T10:04:11Z]   gnb1 post-LB: RAPL=43.4287W  nof_ues=49
[2026-08-19T10:04:11Z]   Waiting 30s for MME cleanup...
[2026-08-19T10:04:46Z]   ✓ ue52_gnb2.conf written
[2026-08-19T10:05:38Z]   ✓ UE52 attached gnb2  IP=10.45.0.76  HO_total=129791.0ms
[2026-08-19T10:05:38Z]   Collecting post-LB snapshots of gnb1 AND gnb2...
[2026-08-19T10:06:03Z]   Warm-up 15s before gnb2 iperf/ping...
[2026-08-19T10:06:44Z]   gnb2 snap: RAPL=21.7640W  nof_ues=1  dl=0Mbps
[2026-08-19T10:06:44Z]   [Cleanup] Killing UE52 on gnb2...
[2026-08-19T10:07:12Z]   [Cleanup] UE52 gnb2 processes killed, waiting 40s for SCTP+MME cleanup...
[2026-08-19T10:07:52Z]   ✓ UE52 complete. gnb1=49 gnb2=cleaned
[2026-08-19T10:07:52Z] ──────────────────────────────────────────────────────────
[2026-08-19T10:07:57Z] ▶ UE53  [10:07:52 UTC]  gnb1=49 gnb2=0
[2026-08-19T10:07:57Z] ──────────────────────────────────────────────────────────
[2026-08-19T10:08:05Z]   Ports gnb1: TX=40530 RX=40531 | gnb2: TX=50030 RX=50031
[2026-08-19T10:08:30Z]   [P1] Starting srsenb slot for UE53 on gnb1...
[2026-08-19T10:08:57Z]   [P1] Starting srsue UE53 → gnb1...
[2026-08-19T10:09:17Z]   ✓ UE53 attached gnb1  IP=10.45.0.77  lat=19.91s
[2026-08-19T10:09:19Z]   Collecting gnb1 snapshot with 50 UE slots...
[2026-08-19T10:09:45Z]   Warm-up 10s before gnb1 iperf/ping...
[2026-08-19T10:10:39Z]   gnb1 snap: RAPL=43.6689W  nof_ues=50  dl=0Mbps
[2026-08-19T10:10:39Z]   [P2] Load-balancing UE53: gnb1 → gnb2...
[2026-08-19T10:11:01Z]   HO kill done in 22061.0ms
[2026-08-19T10:11:22Z]   gnb1 post-LB: RAPL=44.7418W  nof_ues=49
[2026-08-19T10:11:22Z]   Waiting 30s for MME cleanup...
[2026-08-19T10:11:57Z]   ✓ ue53_gnb2.conf written
[2026-08-19T10:12:50Z]   ✓ UE53 attached gnb2  IP=10.45.0.78  HO_total=130457.0ms
[2026-08-19T10:12:50Z]   Collecting post-LB snapshots of gnb1 AND gnb2...
[2026-08-19T10:13:15Z]   Warm-up 15s before gnb2 iperf/ping...
[2026-08-19T10:13:55Z]   gnb2 snap: RAPL=22.2167W  nof_ues=1  dl=0Mbps
[2026-08-19T10:13:55Z]   [Cleanup] Killing UE53 on gnb2...
[2026-08-19T10:14:24Z]   [Cleanup] UE53 gnb2 processes killed, waiting 40s for SCTP+MME cleanup...
[2026-08-19T10:15:04Z]   ✓ UE53 complete. gnb1=49 gnb2=cleaned
[2026-08-19T10:15:04Z] ──────────────────────────────────────────────────────────
[2026-08-19T10:15:08Z] ▶ UE54  [10:15:04 UTC]  gnb1=49 gnb2=0
[2026-08-19T10:15:08Z] ──────────────────────────────────────────────────────────
[2026-08-19T10:15:16Z]   Ports gnb1: TX=40540 RX=40541 | gnb2: TX=50040 RX=50041
[2026-08-19T10:15:41Z]   [P1] Starting srsenb slot for UE54 on gnb1...
[2026-08-19T10:16:08Z]   [P1] Starting srsue UE54 → gnb1...
[2026-08-19T10:16:23Z]   ✓ UE54 attached gnb1  IP=10.45.0.79  lat=14.84s
[2026-08-19T10:16:25Z]   Collecting gnb1 snapshot with 50 UE slots...
[2026-08-19T10:16:51Z]   Warm-up 10s before gnb1 iperf/ping...
[2026-08-19T10:17:42Z]   gnb1 snap: RAPL=44.3909W  nof_ues=50  dl=0Mbps
[2026-08-19T10:17:42Z]   [P2] Load-balancing UE54: gnb1 → gnb2...
[2026-08-19T10:18:04Z]   HO kill done in 21919.0ms
[2026-08-19T10:18:25Z]   gnb1 post-LB: RAPL=44.5618W  nof_ues=49
[2026-08-19T10:18:25Z]   Waiting 30s for MME cleanup...
[2026-08-19T10:18:59Z]   ✓ ue54_gnb2.conf written
[2026-08-19T10:19:52Z]   ✓ UE54 attached gnb2  IP=10.45.0.80  HO_total=129717.0ms
[2026-08-19T10:19:52Z]   Collecting post-LB snapshots of gnb1 AND gnb2...
[2026-08-19T10:20:17Z]   Warm-up 15s before gnb2 iperf/ping...
[2026-08-19T10:20:57Z]   gnb2 snap: RAPL=21.7853W  nof_ues=1  dl=0Mbps
[2026-08-19T10:20:57Z]   [Cleanup] Killing UE54 on gnb2...
[2026-08-19T10:21:25Z]   [Cleanup] UE54 gnb2 processes killed, waiting 40s for SCTP+MME cleanup...
[2026-08-19T10:22:05Z]   ✓ UE54 complete. gnb1=49 gnb2=cleaned
[2026-08-19T10:22:05Z] ──────────────────────────────────────────────────────────
[2026-08-19T10:22:10Z] ▶ UE55  [10:22:05 UTC]  gnb1=49 gnb2=0
[2026-08-19T10:22:10Z] ──────────────────────────────────────────────────────────
[2026-08-19T10:22:18Z]   Ports gnb1: TX=40550 RX=40551 | gnb2: TX=50050 RX=50051
[2026-08-19T10:22:42Z]   [P1] Starting srsenb slot for UE55 on gnb1...
[2026-08-19T10:23:09Z]   [P1] Starting srsue UE55 → gnb1...
[2026-08-19T10:23:24Z]   ✓ UE55 attached gnb1  IP=10.45.0.81  lat=14.6s
[2026-08-19T10:23:26Z]   Collecting gnb1 snapshot with 50 UE slots...
[2026-08-19T10:23:52Z]   Warm-up 10s before gnb1 iperf/ping...
[2026-08-19T10:24:37Z]   gnb1 snap: RAPL=44.3028W  nof_ues=50  dl=0Mbps
[2026-08-19T10:24:37Z]   [P2] Load-balancing UE55: gnb1 → gnb2...
[2026-08-19T10:24:59Z]   HO kill done in 21657.0ms
[2026-08-19T10:25:20Z]   gnb1 post-LB: RAPL=43.8580W  nof_ues=49
[2026-08-19T10:25:20Z]   Waiting 30s for MME cleanup...
[2026-08-19T10:25:55Z]   ✓ ue55_gnb2.conf written
[2026-08-19T10:26:54Z]   ✓ UE55 attached gnb2  IP=10.45.0.82  HO_total=136928.0ms
[2026-08-19T10:26:54Z]   Collecting post-LB snapshots of gnb1 AND gnb2...
[2026-08-19T10:27:19Z]   Warm-up 15s before gnb2 iperf/ping...
[2026-08-19T10:27:59Z]   gnb2 snap: RAPL=21.5241W  nof_ues=1  dl=0Mbps
[2026-08-19T10:27:59Z]   [Cleanup] Killing UE55 on gnb2...
[2026-08-19T10:28:28Z]   [Cleanup] UE55 gnb2 processes killed, waiting 40s for SCTP+MME cleanup...
[2026-08-19T10:29:08Z]   ✓ UE55 complete. gnb1=49 gnb2=cleaned
[2026-08-19T10:29:08Z] ──────────────────────────────────────────────────────────
[2026-08-19T10:29:12Z] ▶ UE56  [10:29:08 UTC]  gnb1=49 gnb2=0
[2026-08-19T10:29:12Z] ──────────────────────────────────────────────────────────
[2026-08-19T10:29:20Z]   Ports gnb1: TX=40560 RX=40561 | gnb2: TX=50060 RX=50061
[2026-08-19T10:29:44Z]   [P1] Starting srsenb slot for UE56 on gnb1...
[2026-08-19T10:30:11Z]   [P1] Starting srsue UE56 → gnb1...
[2026-08-19T10:30:31Z]   ✓ UE56 attached gnb1  IP=10.45.0.83  lat=19.75s
[2026-08-19T10:30:33Z]   Collecting gnb1 snapshot with 50 UE slots...
[2026-08-19T10:30:59Z]   Warm-up 10s before gnb1 iperf/ping...
[2026-08-19T10:31:47Z]   gnb1 snap: RAPL=44.3818W  nof_ues=50  dl=0Mbps
[2026-08-19T10:31:47Z]   [P2] Load-balancing UE56: gnb1 → gnb2...
[2026-08-19T10:32:09Z]   HO kill done in 21625.0ms
[2026-08-19T10:32:29Z]   gnb1 post-LB: RAPL=45.0015W  nof_ues=49
[2026-08-19T10:32:29Z]   Waiting 30s for MME cleanup...
[2026-08-19T10:33:04Z]   ✓ ue56_gnb2.conf written
[2026-08-19T10:33:57Z]   ✓ UE56 attached gnb2  IP=10.45.0.84  HO_total=129579.0ms
[2026-08-19T10:33:57Z]   Collecting post-LB snapshots of gnb1 AND gnb2...
[2026-08-19T10:34:21Z]   Warm-up 15s before gnb2 iperf/ping...
[2026-08-19T10:35:02Z]   gnb2 snap: RAPL=21.3234W  nof_ues=1  dl=0Mbps
[2026-08-19T10:35:02Z]   [Cleanup] Killing UE56 on gnb2...
[2026-08-19T10:35:30Z]   [Cleanup] UE56 gnb2 processes killed, waiting 40s for SCTP+MME cleanup...
[2026-08-19T10:36:10Z]   ✓ UE56 complete. gnb1=49 gnb2=cleaned
[2026-08-19T10:36:10Z] ──────────────────────────────────────────────────────────
[2026-08-19T10:36:15Z] ▶ UE57  [10:36:10 UTC]  gnb1=49 gnb2=0
[2026-08-19T10:36:15Z] ──────────────────────────────────────────────────────────
[2026-08-19T10:36:23Z]   Ports gnb1: TX=40570 RX=40571 | gnb2: TX=50070 RX=50071
[2026-08-19T10:36:47Z]   [P1] Starting srsenb slot for UE57 on gnb1...
[2026-08-19T10:37:14Z]   [P1] Starting srsue UE57 → gnb1...
[2026-08-19T10:37:29Z]   ✓ UE57 attached gnb1  IP=10.45.0.85  lat=14.6s
[2026-08-19T10:37:31Z]   Collecting gnb1 snapshot with 50 UE slots...
[2026-08-19T10:37:57Z]   Warm-up 10s before gnb1 iperf/ping...
[2026-08-19T10:38:42Z]   gnb1 snap: RAPL=44.8305W  nof_ues=50  dl=0Mbps
[2026-08-19T10:38:42Z]   [P2] Load-balancing UE57: gnb1 → gnb2...
[2026-08-19T10:39:04Z]   HO kill done in 21751.0ms
[2026-08-19T10:39:25Z]   gnb1 post-LB: RAPL=42.9806W  nof_ues=49
[2026-08-19T10:39:25Z]   Waiting 30s for MME cleanup...
[2026-08-19T10:40:00Z]   ✓ ue57_gnb2.conf written
[2026-08-19T10:40:52Z]   ✓ UE57 attached gnb2  IP=10.45.0.86  HO_total=129992.0ms
[2026-08-19T10:40:52Z]   Collecting post-LB snapshots of gnb1 AND gnb2...
[2026-08-19T10:41:17Z]   Warm-up 15s before gnb2 iperf/ping...
[2026-08-19T10:41:57Z]   gnb2 snap: RAPL=21.9920W  nof_ues=1  dl=0Mbps
[2026-08-19T10:41:57Z]   [Cleanup] Killing UE57 on gnb2...
[2026-08-19T10:42:26Z]   [Cleanup] UE57 gnb2 processes killed, waiting 40s for SCTP+MME cleanup...
[2026-08-19T10:43:06Z]   ✓ UE57 complete. gnb1=49 gnb2=cleaned
[2026-08-19T10:43:06Z] ──────────────────────────────────────────────────────────
[2026-08-19T10:43:11Z] ▶ UE58  [10:43:06 UTC]  gnb1=49 gnb2=0
[2026-08-19T10:43:11Z] ──────────────────────────────────────────────────────────
[2026-08-19T10:43:19Z]   Ports gnb1: TX=40580 RX=40581 | gnb2: TX=50080 RX=50081
[2026-08-19T10:43:43Z]   [P1] Starting srsenb slot for UE58 on gnb1...
[2026-08-19T10:44:11Z]   [P1] Starting srsue UE58 → gnb1...
[2026-08-19T10:44:41Z]   ✓ UE58 attached gnb1  IP=10.45.0.87  lat=30.19s
[2026-08-19T10:44:43Z]   Collecting gnb1 snapshot with 50 UE slots...
[2026-08-19T10:45:09Z]   Warm-up 10s before gnb1 iperf/ping...
[2026-08-19T10:46:03Z]   gnb1 snap: RAPL=44.3166W  nof_ues=50  dl=0Mbps
[2026-08-19T10:46:03Z]   [P2] Load-balancing UE58: gnb1 → gnb2...
[2026-08-19T10:46:25Z]   HO kill done in 22184.0ms
[2026-08-19T10:46:46Z]   gnb1 post-LB: RAPL=43.0741W  nof_ues=49
[2026-08-19T10:46:46Z]   Waiting 30s for MME cleanup...
[2026-08-19T10:47:21Z]   ✓ ue58_gnb2.conf written
[2026-08-19T10:48:28Z]   ✓ UE58 attached gnb2  IP=10.45.0.88  HO_total=144169.0ms
[2026-08-19T10:48:28Z]   Collecting post-LB snapshots of gnb1 AND gnb2...
[2026-08-19T10:48:53Z]   Warm-up 15s before gnb2 iperf/ping...
[2026-08-19T10:49:33Z]   gnb2 snap: RAPL=21.4821W  nof_ues=1  dl=0Mbps
[2026-08-19T10:49:33Z]   [Cleanup] Killing UE58 on gnb2...
[2026-08-19T10:50:02Z]   [Cleanup] UE58 gnb2 processes killed, waiting 40s for SCTP+MME cleanup...
[2026-08-19T10:50:42Z]   ✓ UE58 complete. gnb1=49 gnb2=cleaned
[2026-08-19T10:50:42Z] ──────────────────────────────────────────────────────────
[2026-08-19T10:50:46Z] ▶ UE59  [10:50:42 UTC]  gnb1=49 gnb2=0
[2026-08-19T10:50:46Z] ──────────────────────────────────────────────────────────
[2026-08-19T10:50:54Z]   Ports gnb1: TX=40590 RX=40591 | gnb2: TX=50090 RX=50091
[2026-08-19T10:51:19Z]   [P1] Starting srsenb slot for UE59 on gnb1...
[2026-08-19T10:51:46Z]   [P1] Starting srsue UE59 → gnb1...
[2026-08-19T10:52:17Z]   ✓ UE59 attached gnb1  IP=10.45.0.89  lat=30.69s
[2026-08-19T10:52:19Z]   Collecting gnb1 snapshot with 50 UE slots...
[2026-08-19T10:52:45Z]   Warm-up 10s before gnb1 iperf/ping...
[2026-08-19T10:53:40Z]   gnb1 snap: RAPL=44.0381W  nof_ues=50  dl=0Mbps
[2026-08-19T10:53:40Z]   [P2] Load-balancing UE59: gnb1 → gnb2...
[2026-08-19T10:54:02Z]   HO kill done in 21962.0ms
[2026-08-19T10:54:23Z]   gnb1 post-LB: RAPL=42.1342W  nof_ues=49
[2026-08-19T10:54:23Z]   Waiting 30s for MME cleanup...
[2026-08-19T10:54:58Z]   ✓ ue59_gnb2.conf written
[2026-08-19T10:55:58Z]   ✓ UE59 attached gnb2  IP=10.45.0.90  HO_total=137353.0ms
[2026-08-19T10:55:58Z]   Collecting post-LB snapshots of gnb1 AND gnb2...
[2026-08-19T10:56:23Z]   Warm-up 15s before gnb2 iperf/ping...
[2026-08-19T10:57:03Z]   gnb2 snap: RAPL=21.6174W  nof_ues=1  dl=0Mbps
[2026-08-19T10:57:03Z]   [Cleanup] Killing UE59 on gnb2...
[2026-08-19T10:57:31Z]   [Cleanup] UE59 gnb2 processes killed, waiting 40s for SCTP+MME cleanup...
[2026-08-19T10:58:12Z]   ✓ UE59 complete. gnb1=49 gnb2=cleaned
[2026-08-19T10:58:12Z] ──────────────────────────────────────────────────────────
[2026-08-19T10:58:16Z] ▶ UE60  [10:58:12 UTC]  gnb1=49 gnb2=0
[2026-08-19T10:58:16Z] ──────────────────────────────────────────────────────────
[2026-08-19T10:58:25Z]   Ports gnb1: TX=40600 RX=40601 | gnb2: TX=50100 RX=50101
[2026-08-19T10:58:49Z]   [P1] Starting srsenb slot for UE60 on gnb1...
[2026-08-19T10:59:16Z]   [P1] Starting srsue UE60 → gnb1...
[2026-08-19T10:59:52Z]   ✓ UE60 attached gnb1  IP=10.45.0.91  lat=35.56s
[2026-08-19T10:59:54Z]   Collecting gnb1 snapshot with 50 UE slots...
[2026-08-19T11:00:20Z]   Warm-up 10s before gnb1 iperf/ping...
[2026-08-19T11:01:16Z]   gnb1 snap: RAPL=46.2534W  nof_ues=50  dl=0Mbps
[2026-08-19T11:01:16Z]   [P2] Load-balancing UE60: gnb1 → gnb2...
[2026-08-19T11:01:38Z]   HO kill done in 21823.0ms
[2026-08-19T11:01:59Z]   gnb1 post-LB: RAPL=42.9998W  nof_ues=49
[2026-08-19T11:01:59Z]   Waiting 30s for MME cleanup...
[2026-08-19T11:02:33Z]   ✓ ue60_gnb2.conf written
[2026-08-19T11:03:26Z]   ✓ UE60 attached gnb2  IP=10.45.0.92  HO_total=129811.0ms
[2026-08-19T11:03:26Z]   Collecting post-LB snapshots of gnb1 AND gnb2...
[2026-08-19T11:03:51Z]   Warm-up 15s before gnb2 iperf/ping...
[2026-08-19T11:04:31Z]   gnb2 snap: RAPL=21.4566W  nof_ues=1  dl=0Mbps
[2026-08-19T11:04:31Z]   [Cleanup] Killing UE60 on gnb2...
[2026-08-19T11:04:59Z]   [Cleanup] UE60 gnb2 processes killed, waiting 40s for SCTP+MME cleanup...
[2026-08-19T11:05:39Z]   ✓ UE60 complete. gnb1=49 gnb2=cleaned
[2026-08-19T11:05:39Z] ═══════════════════════════════════════════════════════════
[2026-08-19T11:05:39Z] DONE  UE50–60
[2026-08-19T11:05:39Z] Master CSV rows:       34
[2026-08-19T11:05:39Z] Results: /tmp/accum_results
[2026-08-19T11:05:39Z] ═══════════════════════════════════════════════════════════
